
> web-canvas@0.1.0 build
> next build

Γû▓ Next.js 16.1.4 (Turbopack)

  Creating an optimized production build ...
node.exe : 
At C:\Program 
Files\nodejs\npm.ps1:29 
char:3
+   & $NODE_EXE 
$NPM_CLI_JS $args
+   ~~~~~~~~~~~~~~~~~~~~
~~~~~~~~~
    + CategoryInfo      
        : NotSpecified  
  : (:String) [], Rem   
 oteException
    + FullyQualifiedErr 
   orId : NativeComman  
  dError
 
> Build error occurred
Error: Turbopack build 
failed with 4 errors:
./src/app/draw/page.tsx:
2:18
Ecmascript file had an 
error
[0m [90m 1 |[39m 
[36mimport[39m 
[33mReact[39m 
[36mfrom[39m 
[32m'react'[39m
[31m[1m>[22m[39m[90
m 2 |[39m 
[36mimport[39m { 
useRef[33m,[39m 
useEffect[33m,[39m 
useState } 
[36mfrom[39m 
[32m'react'[39m
 [90m   |[39m         
         [31m[1m^[22m
[39m[31m[1m^[22m[39
m[31m[1m^[22m[39m[3
1m[1m^[22m[39m[31m[
1m^[22m[39m[31m[1m^
[22m[39m[31m[1m^[22m
[39m[31m[1m^[22m[39
m[31m[1m^[22m[39m
 [90m 3 |[39m 
[36mimport[39m 
[33mInstructions[39m 
[36mfrom[39m [32m'@/c
omponents/Instructions'
[39m[33m;[39m
 [90m 4 |[39m 
[36mimport[39m 
[33mCanvasArea[39m 
[36mfrom[39m [32m'@/c
omponents/CanvasArea'[3
9m[33m;[39m
 [90m 5 |[39m 
[36mexport[39m 
[36mdefault[39m 
[36mfunction[39m 
[33mDrawpage[39m() 
{[0m

You're importing a 
component that needs 
`useEffect`. This React 
Hook only works in a 
Client Component. To 
fix, mark the file (or 
its parent) with the 
`"use client"` 
directive.

 Learn more: https://nex
tjs.org/docs/app/api-ref
erence/directives/use-cl
ient




./src/app/draw/page.tsx:
2:10
Ecmascript file had an 
error
[0m [90m 1 |[39m 
[36mimport[39m 
[33mReact[39m 
[36mfrom[39m 
[32m'react'[39m
[31m[1m>[22m[39m[90
m 2 |[39m 
[36mimport[39m { 
useRef[33m,[39m 
useEffect[33m,[39m 
useState } 
[36mfrom[39m 
[32m'react'[39m
 [90m   |[39m         
 [31m[1m^[22m[39m[3
1m[1m^[22m[39m[31m[
1m^[22m[39m[31m[1m^
[22m[39m[31m[1m^[22m
[39m[31m[1m^[22m[39
m
 [90m 3 |[39m 
[36mimport[39m 
[33mInstructions[39m 
[36mfrom[39m [32m'@/c
omponents/Instructions'
[39m[33m;[39m
 [90m 4 |[39m 
[36mimport[39m 
[33mCanvasArea[39m 
[36mfrom[39m [32m'@/c
omponents/CanvasArea'[3
9m[33m;[39m
 [90m 5 |[39m 
[36mexport[39m 
[36mdefault[39m 
[36mfunction[39m 
[33mDrawpage[39m() 
{[0m

You're importing a 
component that needs 
`useRef`. This React 
Hook only works in a 
Client Component. To 
fix, mark the file (or 
its parent) with the 
`"use client"` 
directive.

 Learn more: https://nex
tjs.org/docs/app/api-ref
erence/directives/use-cl
ient




./src/app/draw/page.tsx:
2:29
Ecmascript file had an 
error
[0m [90m 1 |[39m 
[36mimport[39m 
[33mReact[39m 
[36mfrom[39m 
[32m'react'[39m
[31m[1m>[22m[39m[90
m 2 |[39m 
[36mimport[39m { 
useRef[33m,[39m 
useEffect[33m,[39m 
useState } 
[36mfrom[39m 
[32m'react'[39m
 [90m   |[39m         
                    [31
m[1m^[22m[39m[31m[1
m^[22m[39m[31m[1m^[
22m[39m[31m[1m^[22m
[39m[31m[1m^[22m[39m
[31m[1m^[22m[39m[31
m[1m^[22m[39m[31m[1
m^[22m[39m
 [90m 3 |[39m 
[36mimport[39m 
[33mInstructions[39m 
[36mfrom[39m [32m'@/c
omponents/Instructions'
[39m[33m;[39m
 [90m 4 |[39m 
[36mimport[39m 
[33mCanvasArea[39m 
[36mfrom[39m [32m'@/c
omponents/CanvasArea'[3
9m[33m;[39m
 [90m 5 |[39m 
[36mexport[39m 
[36mdefault[39m 
[36mfunction[39m 
[33mDrawpage[39m() 
{[0m

You're importing a 
component that needs 
`useState`. This React 
Hook only works in a 
Client Component. To 
fix, mark the file (or 
its parent) with the 
`"use client"` 
directive.

 Learn more: https://nex
tjs.org/docs/app/api-ref
erence/directives/use-cl
ient




./src/components/CanvasA
rea.tsx:4:1
Module not found: Can't 
resolve 
'./CanvasControls'
[0m [90m 2 |[39m 
[36mimport[39m [33mRe
act[39m[33m,[39m { 
useRef[33m,[39m 
useEffect[33m,[39m 
useState[33m,[39m 
useCallback } 
[36mfrom[39m [32m"rea
ct"[39m[33m;[39m
 [90m 3 |[39m 
[36mimport[39m type { 
[33mCanvasSettings[39m
 } [36mfrom[39m [32m"
./CanvasControls"[39m[
33m;[39m
[31m[1m>[22m[39m[90
m 4 |[39m 
[36mimport[39m [33mCa
nvasControls[39m 
[36mfrom[39m [32m"./C
anvasControls"[39m[33m
;[39m
 [90m   |[39m [31m[1
m^[22m[39m[31m[1m^[
22m[39m[31m[1m^[22m
[39m[31m[1m^[22m[39m
[31m[1m^[22m[39m[31
m[1m^[22m[39m[31m[1
m^[22m[39m[31m[1m^[
22m[39m[31m[1m^[22m
[39m[31m[1m^[22m[39m
[31m[1m^[22m[39m[31
m[1m^[22m[39m[31m[1
m^[22m[39m[31m[1m^[
22m[39m[31m[1m^[22m
[39m[31m[1m^[22m[39m
[31m[1m^[22m[39m[31
m[1m^[22m[39m[31m[1
m^[22m[39m[31m[1m^[
22m[39m[31m[1m^[22m
[39m[31m[1m^[22m[39m
[31m[1m^[22m[39m[31
m[1m^[22m[39m[31m[1
m^[22m[39m[31m[1m^[
22m[39m[31m[1m^[22m
[39m[31m[1m^[22m[39m
[31m[1m^[22m[39m[31
m[1m^[22m[39m[31m[1
m^[22m[39m[31m[1m^[
22m[39m[31m[1m^[22m
[39m[31m[1m^[22m[39m
[31m[1m^[22m[39m[31
m[1m^[22m[39m[31m[1
m^[22m[39m[31m[1m^[
22m[39m[31m[1m^[22m
[39m[31m[1m^[22m[39m
[31m[1m^[22m[39m[31
m[1m^[22m[39m[31m[1
m^[22m[39m[31m[1m^[
22m[39m[31m[1m^[22m
[39m[31m[1m^[22m[39m
 [90m 5 |[39m 
[36mimport[39m 
[33mInstructions[39m 
[36mfrom[39m [32m"./I
nstructions"[39m[33m;
[39m
 [90m 6 |[39m
 [90m 7 |[39m 
[36mconst[39m 
[33mAPI_URL[39m 
[33m=[39m process[33m
.[39menv[33m.[39m[33
mNEXT_PUBLIC_API_URL[39
m 
[33m?[39m[33m?[39m 
[32m"http://localhost:80
00"[39m[33m;[39m[0m



Import trace:
  Server Component:
    ./src/components/Can
vasArea.tsx
    ./src/app/page.tsx

https://nextjs.org/docs/
messages/module-not-foun
d


    at <unknown> (./src/
app/draw/page.tsx:2:18)
    at <unknown> (./src/
app/draw/page.tsx:2:10)
    at <unknown> (./src/
app/draw/page.tsx:2:29)
    at <unknown> (./src/
components/CanvasArea.ts
x:4:1)
    at <unknown> (https:
//nextjs.org/docs/messag
es/module-not-found)
